
> group-ad@0.1.0 build
> prisma generate && next build

Environment variables loaded from .env
Prisma schema loaded from prisma\schema.prisma

Γ£ö Generated Prisma Client (v5.22.0) to .\node_modules\@prisma\client in 344ms

Start by importing your Prisma Client (See: https://pris.ly/d/importing-client)

Tip: Want real-time updates to your database without manual polling? Discover how with Pulse: https://pris.ly/tip-0-pulse

Γû▓ Next.js 16.1.2 (Turbopack)
- Environments: .env

  Creating an optimized production build ...
Γ£ô Compiled successfully in 19.0s
  Running TypeScript ...
node.exe : Failed to compile.
At line:1 char:1
+ & "C:\Program 
Files\nodejs/node.exe" 
"C:\Program 
Files\nodejs/node_mo ...
+ ~~~~~~~~~~~~~~~~~~~~~~~~~~~~
~~~~~~~~~~~~~~~~~~~~~~~~~~~~~~
~~~~~~~~~~~
    + CategoryInfo          : 
    NotSpecified: (Failed to  
   compile.:String) [], Rem   
 oteException
    + FullyQualifiedErrorId : 
    NativeCommandError
 

.next/dev/types/validator.ts:7
1:39
Type error: Cannot find 
module '../../../src/app/(publ
ic)/auth/page.js' or its 
corresponding type 
declarations.

[0m [90m 69 |[39m {
 [90m 70 |[39m   type __IsEx
pected[33m<[39m[33mSpecific
[39m [36mextends[39m [33mA
ppPageConfig[39m[33m<[39m[
32m"/auth"[39m[33m>>[39m 
[33m=[39m [33mSpecific[39m
[31m[1m>[22m[39m[90m 71 
|[39m   [36mconst[39m 
handler [33m=[39m {} 
[36mas[39m [36mtypeof[39m 
[36mimport[39m([32m"../../.
./src/app/(public)/auth/page.j
s"[39m)
 [90m    |[39m              
                         
[31m[1m^[22m[39m
 [90m 72 |[39m   type 
__Check [33m=[39m __IsExpect
ed[33m<[39m[36mtypeof[39m 
handler[33m>[39m
 [90m 73 |[39m   [90m// 
@ts-ignore[39m
 [90m 74 |[39m   type 
__Unused [33m=[39m 
__Check[0m
Next.js build worker exited 
with code: 1 and signal: null
